
###Block: Beastmaster Support
# Talents
Bestial Wrath			KEY:Beastmaster Trick Companion Ability ~ Bestial Wrath			CATEGORY:Internal				TEMPBONUS:PC|COMBAT|TOHIT.Melee|2	TEMPBONUS:PC|COMBAT|DAMAGE.Melee,DAMAGE.Thrown|2	TEMPBONUS:PC|SAVE|Will|2	TEMPBONUS:PC|COMBAT|AC|-2
Bolster Companion			KEY:Beastmaster Trick Companion Ability ~ Bolster Companion			CATEGORY:Internal				TEMPBONUS:PC|COMBAT|AC|4		TEMPBONUS:PC|VAR|CMD|4
# Animal Focus
Bat						KEY:Beastmaster Companion Animal Focus ~ Bat				CATEGORY:Internal			TYPE:BeastmasterAnimalFocusCompanionTempBonus	TEMPDESC:The creature gains darkvision to a range of 60 feet. At 8th level, the range increases by 30 feet. At 15th level, the creature also gains blindsense to a range of 10 feet.														TEMPBONUS:PC|VISION|Darkvision|60					TEMPBONUS:PC|VISION|Darkvision|30|PREVARGTEQ:mastervar("ClassProgression_Beastmaster"),8							TEMPBONUS:PC|Vision|Blindsense|10|PREVARGTEQ:mastervar("ClassProgression_Beastmaster"),15
Bear						KEY:Beastmaster Companion Animal Focus ~ Bear				CATEGORY:Internal			TYPE:BeastmasterAnimalFocusCompanionTempBonus	TEMPDESC:The creature gains a +2 morale bonus to Constitution. This bonus increases to +4 at 8th level and +6 at 15th level.																								TEMPBONUS:PC|STAT|CON|2|TYPE=Morale					TEMPBONUS:PC|STAT|CON|4|TYPE=Morale|PREVARGTEQ:mastervar("ClassProgression_Beastmaster"),8						TEMPBONUS:PC|STAT|CON|6|TYPE=Morale|PREVARGTEQ:mastervar("ClassProgression_Beastmaster"),15
Bull						KEY:Beastmaster Companion Animal Focus ~ Bull				CATEGORY:Internal			TYPE:BeastmasterAnimalFocusCompanionTempBonus	TEMPDESC:The creature gains a +2 morale bonus to Strength. This bonus increases to +4 at 8th level and +6 at 15th level.																								TEMPBONUS:PC|STAT|STR|2|TYPE=Morale					TEMPBONUS:PC|STAT|STR|4|TYPE=Morale|PREVARGTEQ:mastervar("ClassProgression_Beastmaster"),8						TEMPBONUS:PC|STAT|STR|6|TYPE=Morale|PREVARGTEQ:mastervar("ClassProgression_Beastmaster"),15
Chocobo					KEY:Beastmaster Companion Animal Focus ~ Chocobo			CATEGORY:Internal			TYPE:BeastmasterAnimalFocusCompanionTempBonus	TEMPDESC:The creature gains a 5-foot morale bonus to its base land speed. This bonus increases to 10 feet at 8th level and 20 feet at 15th level.																				TEMPBONUS:PC|MOVEADD|TYPE.Walk|5|TYPE=Morale			TEMPBONUS:PC|MOVEADD|TYPE.Walk|10|TYPE=Morale|PREVARGTEQ:mastervar("ClassProgression_Beastmaster"),8					TEMPBONUS:PC|MOVEADD|TYPE.Walk|20|TYPE=Morale|PREVARGTEQ:mastervar("ClassProgression_Beastmaster"),15
Falcon					KEY:Beastmaster Companion Animal Focus ~ Falcon				CATEGORY:Internal			TYPE:BeastmasterAnimalFocusCompanionTempBonus	TEMPDESC:The creature gains a +4 competence bonus on Perception checks. This bonus increases to +6 at 8th level and +8 at 15th level.																						TEMPBONUS:PC|SKILL|Perception|4|TYPE=Competence			TEMPBONUS:PC|SKILL|Perception|6|TYPE=Competence|PREVARGTEQ:mastervar("ClassProgression_Beastmaster"),8				TEMPBONUS:PC|SKILL|Perception|8|TYPE=Competence|PREVARGTEQ:mastervar("ClassProgression_Beastmaster"),15
Frog						KEY:Beastmaster Companion Animal Focus ~ Frog				CATEGORY:Internal			TYPE:BeastmasterAnimalFocusCompanionTempBonus	TEMPDESC:The creature gains a +4 competence bonus on Swim checks and on Acrobatics checks to jump. These bonuses increase to +6 at 8th level and +8 at 15th level.																	TEMPBONUS:PC|SKILL|Swim|4|TYPE=Competence				TEMPBONUS:PC|SKILL|Swim|6|TYPE=Competence|PREVARGTEQ:mastervar("ClassProgression_Beastmaster"),8					TEMPBONUS:PC|SKILL|Swim|8|TYPE=Competence|PREVARGTEQ:mastervar("ClassProgression_Beastmaster"),15
Monkey					KEY:Beastmaster Companion Animal Focus ~ Monkey				CATEGORY:Internal			TYPE:BeastmasterAnimalFocusCompanionTempBonus	TEMPDESC:The creature gains a +4 competence bonus on Climb checks. This bonus increases to +6 at 8th level and +8 at 15th level.																							TEMPBONUS:PC|SKILL|Climb|4|TYPE=Competence			TEMPBONUS:PC|SKILL|Climb|6|TYPE=Competence|PREVARGTEQ:mastervar("ClassProgression_Beastmaster"),8					TEMPBONUS:PC|SKILL|Climb|8|TYPE=Competence|PREVARGTEQ:mastervar("ClassProgression_Beastmaster"),15
Mouse						KEY:Beastmaster Companion Animal Focus ~ Mouse				CATEGORY:Internal			TYPE:BeastmasterAnimalFocusCompanionTempBonus	TEMPDESC:The creature gains evasion, as the thief class feature. At 12th level, this increases to improved evasion, as the thief advanced talent.													DEFINE:AnimalFocusCompanionMouse|0		TEMPBONUS:PC|VAR|AnimalFocusCompanionMouse|1|TYPE=Boolean	ABILITY:Special Ability|AUTOMATIC|Evasion|PREVAREQ:AnimalFocusCompanionMouse,1								ABILITY:Special Ability|AUTOMATIC|Improved Evasion|PREMULT:2,[PREVAREQ:AnimalFocusCompanionMouse,1],[PREVARGTEQ:mastervar("ClassProgression_Beastmaster"),12]
Owl						KEY:Beastmaster Companion Animal Focus ~ Owl				CATEGORY:Internal			TYPE:BeastmasterAnimalFocusCompanionTempBonus	TEMPDESC:The creature gains a +4 competence bonus on Stealth checks. This bonus increases to +6 at 8th level and +8 at 15th level.																							TEMPBONUS:PC|SKILL|Stealth|4|TYPE=Competence			TEMPBONUS:PC|SKILL|Stealth|6|TYPE=Competence|PREVARGTEQ:mastervar("ClassProgression_Beastmaster"),8					TEMPBONUS:PC|SKILL|Stealth|8|TYPE=Competence|PREVARGTEQ:mastervar("ClassProgression_Beastmaster"),15
Snake						KEY:Beastmaster Companion Animal Focus ~ Snake				CATEGORY:Internal			TYPE:BeastmasterAnimalFocusCompanionTempBonus	TEMPDESC:The creature gains a +2 bonus on attack rolls when making attacks of opportunity and a +2 dodge bonus to AC against attacks of opportunity. These bonuses increase to +4 at 8th level and +6 at 15th level.		DEFINE:AnimalFocusCompanionSnake|0		TEMPBONUS:PC|VAR|AnimalFocusCompanionSnake|2|TYPE=NoStack	TEMPBONUS:PC|VAR|AnimalFocusCompanionSnake|4|TYPE=NoStack|PREVARGTEQ:mastervar("ClassProgression_Beastmaster"),8			TEMPBONUS:PC|VAR|AnimalFocusCompanionSnake|6|TYPE=NoStack|PREVARGTEQ:mastervar("ClassProgression_Beastmaster"),15		ASPECT:CombatBonus|+%1 bonus on attack rolls when making attacks of opportunity and a +%1 dodge bonus to AC against attacks of opportunity.|AnimalFocusCompanionSnake|PREVARGTEQ:AnimalFocusCompanionSnake,1
Tiger						KEY:Beastmaster Companion Animal Focus ~ Tiger				CATEGORY:Internal			TYPE:BeastmasterAnimalFocusCompanionTempBonus	TEMPDESC:The creature gains a +2 morale bonus to Dexterity. This bonus increases to +4 at 8th level and +6 at 15th level.																								TEMPBONUS:PC|STAT|DEX|2|TYPE=Morale					TEMPBONUS:PC|STAT|DEX|4|TYPE=Morale|PREVARGTEQ:mastervar("ClassProgression_Beastmaster"),8						TEMPBONUS:PC|STAT|DEX|6|TYPE=Morale|PREVARGTEQ:mastervar("ClassProgression_Beastmaster"),15
Wolf						KEY:Beastmaster Companion Animal Focus ~ Wolf				CATEGORY:Internal			TYPE:BeastmasterAnimalFocusCompanionTempBonus	TEMPDESC:The creature gains Improved Trip feat. At 12th level, the creature also gains Greater Trip feat.																				DEFINE:AnimalFocusCompanionWolf|0		TEMPBONUS:PC|VAR|AnimalFocusCompanionWolf|1|TYPE=Boolean	ABILITY:FEAT|AUTOMATIC|Improved Trip|PREVAREQ:AnimalFocusCompanionWolf,1									ABILITY:FEAT|AUTOMATIC|Greater Trip|PREMULT:2,[PREVAREQ:AnimalFocusCompanionWolf,1],[PREVARGTEQ:mastervar("ClassProgression_Beastmaster"),12]
# FCB
Bonus Hit Point			KEY:Animal Companion Beastmaster FCB ~ Hit Point		CATEGORY:Special Ability	TYPE:CompanionBeastmasterFavoredClassBonus	STACK:YES	MULT:YES	CHOOSE:NOCHOICE													BONUS:HP|CURRENTMAX|1
Bonus Skill Rank			KEY:Animal Companion Beastmaster FCB ~ Skill Rank		CATEGORY:Special Ability	TYPE:CompanionBeastmasterFavoredClassBonus	STACK:YES	MULT:YES	CHOOSE:SKILL|TYPE=Charisma|TYPE=Dexterity|TYPE=Intelligence|TYPE=Strength|TYPE=Wisdom	BONUS:SKILLRANK|LIST|1
#
Bonus CMD				KEY:Beastmaster Companion FCB ~ CMD					CATEGORY:Internal			ASPECT:CombatBonus|+%1 CMD when adjacent to the beastmaster|max(mastervar("DwarfBeastmasterFavClassBonus"),mastervar("GalkaBeastmasterFavClassBonus"))
