
###Block - New Skills
Craft (Electronic)			KEYSTAT:INT	USEUNTRAINED:NO				TYPE:Intelligence.Craft.Base					PREVARLT:AnimalCompanionSkill,1	SOURCEPAGE:p.
Craft (Explosive)				KEYSTAT:INT	USEUNTRAINED:NO				TYPE:Intelligence.Craft.Base					PREVARLT:AnimalCompanionSkill,1	SOURCEPAGE:p.
Craft (Mechanical)			KEYSTAT:INT	USEUNTRAINED:NO				TYPE:Intelligence.Craft.Base					PREVARLT:AnimalCompanionSkill,1	SOURCEPAGE:p.
Drive						KEYSTAT:DEX				ACHECK:NONE		TYPE:Dexterity.Base						PREVARLT:AnimalCompanionSkill,1	SOURCEPAGE:p.
Knowledge (Technology)			KEYSTAT:INT	USEUNTRAINED:NO				TYPE:Intelligence.Knowledge.Base				PREVARLT:AnimalCompanionSkill,1	SOURCEPAGE:p.
Navigate					KEYSTAT:INT	USEUNTRAINED:YES				TYPE:Intelligence.Base						PREVARLT:AnimalCompanionSkill,1	SOURCEPAGE:p.
Pilot						KEYSTAT:DEX				ACHECK:NONE		TYPE:Dexterity.Base						PREVARLT:AnimalCompanionSkill,1	SOURCEPAGE:p.
Repair					KEYSTAT:INT	USEUNTRAINED:YES				TYPE:Intelligence.Base						PREVARLT:AnimalCompanionSkill,1	SOURCEPAGE:p.

###Block - Situations
Acrobatics.MOD			SITUATION:Narrow Surfaces and Uneven Ground
Acrobatics.MOD			SITUATION:Slippery Conditions

Appraise.MOD		SITUATION:Precious Metals or Gemstones

Climb.MOD			SITUATION:Narrow Surfaces and Uneven Ground
Climb.MOD			SITUATION:Slippery Conditions

Diplomacy.MOD		SITUATION:Gather Information

Perception.MOD		SITUATION:Against Flying Creatures
Perception.MOD		SITUATION:Notice Sleight of Hand
Perception.MOD		SITUATION:Unusual Stonework

Profession (Sailor).MOD		SITUATION:At Sea

Knowledge (Arcana).MOD		SITUATION:Identify Dragons
Knowledge (Dungeoneering).MOD	SITUATION:Underground
Knowledge (History).MOD		SITUATION:Dwarves or their Enemies
Knowledge (Religion).MOD	SITUATION:Identify Undead

Sense Motive.MOD		SITUATION:Hunch about a Social Situation

Survival.MOD			SITUATION:Tracks made by Giants
Survival.MOD			SITUATION:At Sea
Survival.MOD			SITUATION:Underground
Survival.MOD			SITUATION:Urban and Underground
