
###Block - New Skills
Craft (Electronic)			KEYSTAT:INT	USEUNTRAINED:NO				TYPE:Intelligence.Craft.Base					PREVARLT:AnimalCompanionSkill,1	SOURCEWEB:https://www.finalfantasyd20.com/skills/
Craft (Explosive)				KEYSTAT:INT	USEUNTRAINED:NO				TYPE:Intelligence.Craft.Base					PREVARLT:AnimalCompanionSkill,1	SOURCEWEB:https://www.finalfantasyd20.com/skills/
Craft (Mechanical)			KEYSTAT:INT	USEUNTRAINED:NO				TYPE:Intelligence.Craft.Base					PREVARLT:AnimalCompanionSkill,1	SOURCEWEB:https://www.finalfantasyd20.com/skills/
Craft (Structural)			KEYSTAT:INT	USEUNTRAINED:NO				TYPE:Intelligence.Craft.Base					PREVARLT:AnimalCompanionSkill,1	SOURCEWEB:https://www.finalfantasyd20.com/skills/
Drive						KEYSTAT:DEX				ACHECK:NONE		TYPE:Dexterity.Base						PREVARLT:AnimalCompanionSkill,1	SOURCEWEB:https://www.finalfantasyd20.com/skills/
Knowledge (Technology)			KEYSTAT:INT	USEUNTRAINED:NO				TYPE:Intelligence.Knowledge.Base				PREVARLT:AnimalCompanionSkill,1	SOURCEWEB:https://www.finalfantasyd20.com/skills/
Navigate					KEYSTAT:INT	USEUNTRAINED:YES				TYPE:Intelligence.Base						PREVARLT:AnimalCompanionSkill,1	SOURCEWEB:https://www.finalfantasyd20.com/skills/
Pilot						KEYSTAT:DEX				ACHECK:NONE		TYPE:Dexterity.Base						PREVARLT:AnimalCompanionSkill,1	SOURCEWEB:https://www.finalfantasyd20.com/skills/
Repair					KEYSTAT:INT	USEUNTRAINED:YES				TYPE:Intelligence.Base						PREVARLT:AnimalCompanionSkill,1	SOURCEWEB:https://www.finalfantasyd20.com/skills/

###Block - Situations
Acrobatics.MOD			SITUATION:Narrow Surfaces and Uneven Ground
Acrobatics.MOD			SITUATION:Slippery Conditions
Acrobatics.MOD			SITUATION:Threatened Squares
#
Appraise.MOD		SITUATION:Precious Metals or Gemstones
#
Climb.MOD			SITUATION:Narrow Surfaces and Uneven Ground
Climb.MOD			SITUATION:Slippery Conditions
#
Craft (Alchemy).MOD	SITUATION:Make Poison
#
Diplomacy.MOD		SITUATION:Business Transactions
Diplomacy.MOD		SITUATION:Gather Information
#
Perception.MOD		SITUATION:Against Flying Creatures
Perception.MOD		SITUATION:Notice Sleight of Hand
Perception.MOD		SITUATION:Unusual Stonework
#
Profession (Sailor).MOD		SITUATION:At Sea
#
Knowledge (Arcana).MOD		SITUATION:Identify Dragons
Knowledge (Dungeoneering).MOD	SITUATION:Underground
Knowledge (History).MOD		SITUATION:Dwarves or their Enemies
Knowledge (Religion).MOD	SITUATION:Identify Undead
#
Sense Motive.MOD		SITUATION:Hunch about a Social Situation
Sense Motive.MOD		SITUATION:Notice when someone is enchanted or possessed
#
Stealth.MOD				SITUATION:Terrain that matches Camouflage foliage
#
Survival.MOD			SITUATION:At Sea
Survival.MOD			SITUATION:Avoid Becoming Lost
Survival.MOD			SITUATION:Ruins of Cities
Survival.MOD			SITUATION:Tracks made by Giants
Survival.MOD			SITUATION:Underground
Survival.MOD			SITUATION:Urban and Underground
