
ABILITYCATEGORY:Arcane Talent Selection		VISIBLE:QUALIFY	EDITABLE:YES	EDITPOOL:NO		FRACTIONALPOOL:NO								CATEGORY:Internal				TYPE:ArcaneTalentSelection									DISPLAYLOCATION:Feats
ABILITYCATEGORY:Aspect of the Beast Selection				VISIBLE:QUALIFY	EDITABLE:YES	EDITPOOL:YES	FRACTIONALPOOL:NO		CATEGORY:Special Ability	TYPE:Aspectofthebeast														PLURAL:Aspect of the Beast Selections				DISPLAYLOCATION:Feats
ABILITYCATEGORY:Elemental Fist Choice				VISIBLE:QUALIFY	EDITABLE:YES	EDITPOOL:NO						CATEGORY:Internal			TYPE:ElementalFistChoice																		DISPLAYLOCATION:Feats
ABILITYCATEGORY:Expanded Arcana Selection					VISIBLE:QUALIFY	EDITABLE:YES	EDITPOOL:YES	FRACTIONALPOOL:NO		CATEGORY:Special Ability	TYPE:ExpandedArcana														PLURAL:Expanded Arcana Selections					DISPLAYLOCATION:Feats
ABILITYCATEGORY:Racial Heritage Choice				VISIBLE:QUALIFY	EDITABLE:YES	EDITPOOL:YES	FRACTIONALPOOL:NO		CATEGORY:Internal								ABILITYLIST:Racial Heritage Choice												DISPLAYLOCATION:Feats
