
#### CR

# ==============================
# Familiars
# ==============================

# ------------------------------
# Standard Familiars
# ------------------------------

###Block: Familiars
# Race Name	Starting Feats	Base size		Size		Move					Reach		Bonus to skill											Stat bonus																		Modify VAR						Ability								Nb Legs	Nb Hands	Monster Class Name and Starting Level	Main Race Type	Type		Challenge Rating	Source Page		Apply Kit
Bat		STARTFEATS:1	FACT:BaseSize|D	SIZE:D	MOVE:Walk,5,Fly,40		REACH:0	BONUS:STAT|STR|-10	BONUS:STAT|DEX|4	BONUS:STAT|CON|-4	BONUS:STAT|INT|-8	BONUS:STAT|WIS|4	BONUS:STAT|CHA|-6								ABILITY:Internal|AUTOMATIC|Racial Traits ~ Bat		LEGS:2			MONSTERCLASS:Animal:1				RACETYPE:Animal	TYPE:Animal	CR:1/8		SOURCEPAGE:p.131	KIT:1|Animal ~ Bat
Cat		STARTFEATS:1	FACT:BaseSize|T	SIZE:T	MOVE:Walk,30			REACH:0	BONUS:STAT|STR|-8	BONUS:STAT|DEX|4	BONUS:STAT|CON|-2	BONUS:STAT|INT|-8	BONUS:STAT|WIS|2	BONUS:STAT|CHA|-4		BONUS:VAR|RaceSizeIsLong|1|TYPE=Base	ABILITY:Internal|AUTOMATIC|Racial Traits ~ Cat		LEGS:4	HANDS:3	MONSTERCLASS:Animal:1				RACETYPE:Animal	TYPE:Animal	CR:1/4		SOURCEPAGE:p.131	KIT:1|Animal ~ Cat
Hawk		STARTFEATS:1	FACT:BaseSize|T	SIZE:T	MOVE:Walk,10,Fly,60		REACH:0	BONUS:STAT|STR|-4	BONUS:STAT|DEX|6	BONUS:STAT|INT|-8	BONUS:STAT|WIS|4	BONUS:STAT|CHA|-4												ABILITY:Internal|AUTOMATIC|Racial Traits ~ Hawk		LEGS:2			MONSTERCLASS:Animal:1				RACETYPE:Animal	TYPE:Animal	CR:1/3		SOURCEPAGE:p.131	KIT:1|Animal ~ Hawk
Lizard	STARTFEATS:1	FACT:BaseSize|T	SIZE:T	MOVE:Walk,20,Climb,20		REACH:0	BONUS:STAT|STR|-8	BONUS:STAT|DEX|4	BONUS:STAT|CON|-2	BONUS:STAT|INT|-9	BONUS:STAT|WIS|2	BONUS:STAT|CHA|-8		BONUS:VAR|RaceSizeIsLong|1|TYPE=Base	ABILITY:Internal|AUTOMATIC|Racial Traits ~ Lizard	LEGS:4			MONSTERCLASS:Animal:1				RACETYPE:Animal	TYPE:Animal	CR:1/6		SOURCEPAGE:p.131	KIT:1|Animal ~ Lizard
Monkey	STARTFEATS:1	FACT:BaseSize|T	SIZE:T	MOVE:Walk,30,Climb,30		REACH:0	BONUS:STAT|STR|-8	BONUS:STAT|DEX|4	BONUS:STAT|INT|-8	BONUS:STAT|WIS|2	BONUS:STAT|CHA|-6												ABILITY:Internal|AUTOMATIC|Racial Traits ~ Monkey	LEGS:2			MONSTERCLASS:Animal:1				RACETYPE:Animal	TYPE:Animal	CR:1/4		SOURCEPAGE:p.132	KIT:1|Animal ~ Monkey
Owl		STARTFEATS:1	FACT:BaseSize|T	SIZE:T	MOVE:Walk,10,Fly,60		REACH:0	BONUS:STAT|STR|-4	BONUS:STAT|DEX|6	BONUS:STAT|INT|-8	BONUS:STAT|WIS|4	BONUS:STAT|CHA|-4												ABILITY:Internal|AUTOMATIC|Racial Traits ~ Owl		LEGS:2			MONSTERCLASS:Animal:1				RACETYPE:Animal	TYPE:Animal	CR:1/3		SOURCEPAGE:p.132	KIT:1|Animal ~ Owl
Rat		STARTFEATS:1	FACT:BaseSize|T	SIZE:T	MOVE:Walk,15,Climb,15,Swim,15	REACH:0	BONUS:STAT|STR|-8	BONUS:STAT|DEX|4	BONUS:STAT|INT|-8	BONUS:STAT|WIS|2	BONUS:STAT|CHA|-8					BONUS:VAR|RaceSizeIsLong|1|TYPE=Base	ABILITY:Internal|AUTOMATIC|Racial Traits ~ Rat		LEGS:4			MONSTERCLASS:Animal:1				RACETYPE:Animal	TYPE:Animal	CR:1/4		SOURCEPAGE:p.132	KIT:1|Animal ~ Rat
Raven		STARTFEATS:1	FACT:BaseSize|T	SIZE:T	MOVE:Walk,10,Fly,40		REACH:0	BONUS:STAT|STR|-8	BONUS:STAT|DEX|4	BONUS:STAT|CON|-2	BONUS:STAT|INT|-8	BONUS:STAT|WIS|4	BONUS:STAT|CHA|-4									ABILITY:Internal|AUTOMATIC|Racial Traits ~ Raven	LEGS:2			MONSTERCLASS:Animal:1				RACETYPE:Animal	TYPE:Animal	CR:1/6		SOURCEPAGE:p.133	KIT:1|Animal ~ Raven
Toad		STARTFEATS:1	FACT:BaseSize|D	SIZE:D	MOVE:Walk,5				REACH:0	BONUS:STAT|STR|-9	BONUS:STAT|DEX|2	BONUS:STAT|CON|-4	BONUS:STAT|INT|-9	BONUS:STAT|WIS|4	BONUS:STAT|CHA|-6		BONUS:VAR|RaceSizeIsLong|1|TYPE=Base	ABILITY:Internal|AUTOMATIC|Racial Traits ~ Toad		LEGS:4			MONSTERCLASS:Animal:1				RACETYPE:Animal	TYPE:Animal	CR:1/8		SOURCEPAGE:p.133	KIT:1|Animal ~ Toad
Viper		STARTFEATS:1	FACT:BaseSize|T	SIZE:T	MOVE:Walk,20,Climb,20,Swim,20	REACH:0	BONUS:STAT|STR|-6	BONUS:STAT|DEX|6	BONUS:STAT|CON|-2	BONUS:STAT|INT|-9	BONUS:STAT|WIS|2	BONUS:STAT|CHA|-8									ABILITY:Internal|AUTOMATIC|Racial Traits ~ Viper	LEGS:0			MONSTERCLASS:Animal:1				RACETYPE:Animal	TYPE:Animal	CR:1/2		SOURCEPAGE:p.133	KIT:1|Animal ~ Viper
Weasel	STARTFEATS:1	FACT:BaseSize|T	SIZE:T	MOVE:Walk,20,Climb,20		REACH:0	BONUS:STAT|STR|-8	BONUS:STAT|DEX|4	BONUS:STAT|INT|-8	BONUS:STAT|WIS|2	BONUS:STAT|CHA|-6					BONUS:VAR|RaceSizeIsLong|1|TYPE=Base	ABILITY:Internal|AUTOMATIC|Racial Traits ~ Weasel	LEGS:4			MONSTERCLASS:Animal:1				RACETYPE:Animal	TYPE:Animal	CR:1/2		SOURCEPAGE:p.133	KIT:1|Animal ~ Weasel

# ------------------------------
# Improved Familiars
# ------------------------------

# Arcane spellcaster level 3
###Block:  Celestial regular familiars
# Race Name					Output Name		Template				Apply Kit
Bat.COPY=Bat (Celestial)		OUTPUTNAME:Bat	TEMPLATE:Celestial Creature	KIT:1|NG
Cat.COPY=Cat (Celestial)		OUTPUTNAME:Cat	TEMPLATE:Celestial Creature	KIT:1|NG
Hawk.COPY=Hawk (Celestial)		OUTPUTNAME:Hawk	TEMPLATE:Celestial Creature	KIT:1|NG
Lizard.COPY=Lizard (Celestial)	OUTPUTNAME:Lizard	TEMPLATE:Celestial Creature	KIT:1|NG
Monkey.COPY=Monkey (Celestial)	OUTPUTNAME:Monkey	TEMPLATE:Celestial Creature	KIT:1|NG
Owl.COPY=Owl (Celestial)		OUTPUTNAME:Owl	TEMPLATE:Celestial Creature	KIT:1|NG
Rat.COPY=Rat (Celestial)		OUTPUTNAME:Rat	TEMPLATE:Celestial Creature	KIT:1|NG
Raven.COPY=Raven (Celestial)		OUTPUTNAME:Raven	TEMPLATE:Celestial Creature	KIT:1|NG
Toad.COPY=Toad (Celestial)		OUTPUTNAME:Toad	TEMPLATE:Celestial Creature	KIT:1|NG
Viper.COPY=Viper (Celestial)		OUTPUTNAME:Viper	TEMPLATE:Celestial Creature	KIT:1|NG
Weasel.COPY=Weasel (Celestial)	OUTPUTNAME:Weasel	TEMPLATE:Celestial Creature	KIT:1|NG

###Block: Fiendish regular familiars
# Race Name				Output Name		Template				Apply Kit
Bat.COPY=Bat (Fiendish)		OUTPUTNAME:Bat	TEMPLATE:Fiendish Creature	KIT:1|NE
Cat.COPY=Cat (Fiendish)		OUTPUTNAME:Cat	TEMPLATE:Fiendish Creature	KIT:1|NE
Hawk.COPY=Hawk (Fiendish)	OUTPUTNAME:Hawk	TEMPLATE:Fiendish Creature	KIT:1|NE
Lizard.COPY=Lizard (Fiendish)	OUTPUTNAME:Lizard	TEMPLATE:Fiendish Creature	KIT:1|NE
Monkey.COPY=Monkey (Fiendish)	OUTPUTNAME:Monkey	TEMPLATE:Fiendish Creature	KIT:1|NE
Owl.COPY=Owl (Fiendish)		OUTPUTNAME:Owl	TEMPLATE:Fiendish Creature	KIT:1|NE
Rat.COPY=Rat (Fiendish)		OUTPUTNAME:Rat	TEMPLATE:Fiendish Creature	KIT:1|NE
Raven.COPY=Raven (Fiendish)	OUTPUTNAME:Raven	TEMPLATE:Fiendish Creature	KIT:1|NE
Toad.COPY=Toad (Fiendish)	OUTPUTNAME:Toad	TEMPLATE:Fiendish Creature	KIT:1|NE
Viper.COPY=Viper (Fiendish)	OUTPUTNAME:Viper	TEMPLATE:Fiendish Creature	KIT:1|NE
Weasel.COPY=Weasel (Fiendish)	OUTPUTNAME:Weasel	TEMPLATE:Fiendish Creature	KIT:1|NE

###Block: New familiars
# Race Name	Unique Key		Output Name			Starting Feats	Base size		Size		Move					Reach		Bonus to skill				Stat bonus												Modify VAR						Ability								Nb Legs	Monster Class Name and Starting Level	Main Race Type	Type		Challenge Rating	Source Page		Apply Kit
Rat, Dire	KEY:Rat (Dire)	OUTPUTNAME:Dire Rat	STARTFEATS:1	FACT:BaseSize|S	SIZE:S	MOVE:Walk,40,Climb,20,Swim,20	REACH:5	BONUS:SKILL|Climb,Swim|DEX-STR	BONUS:STAT|DEX|6	BONUS:STAT|CON,WIS|2	BONUS:STAT|INT|-8	BONUS:STAT|CHA|-6	BONUS:VAR|RaceSizeIsLong|1|TYPE=Base	ABILITY:Internal|AUTOMATIC|Racial Traits ~ Dire Rat	LEGS:4	MONSTERCLASS:Animal:1				RACETYPE:Animal	TYPE:Animal	CR:1/3		SOURCEPAGE:p.232	KIT:1|Animal ~ Dire Rat

# Arcane spellcaster level 5
###Block: New familiars
# Race Name				Unique Key				Output Name					Starting Feats	Base size		Size		Move				Reach		Stat bonus															Modify VAR						Class Skill								Auto Language	Ability																Nb Legs	Nb Hands	Natural Attacks														Monster Class Name and Starting Level	Main Race Type		Race Subtype					Type				Challenge Rating	Monster Role	Source Page		Apply Kit
Elemental, Air (Small)		KEY:Elemental (Air/Small)	OUTPUTNAME:Small Air Elemental	STARTFEATS:1	FACT:BaseSize|S	SIZE:S	MOVE:Fly,100		REACH:5	BONUS:STAT|STR,CON|2	BONUS:STAT|DEX|6	BONUS:STAT|INT|-6														CSKILL:Acrobatics|Escape Artist				AUTO:LANG|Auran	ABILITY:Internal|AUTOMATIC|Racial Traits ~ Elemental (Air)|Racial Traits ~ Small Air Elemental		LEGS:0	HANDS:2																	MONSTERCLASS:Outsider (Fort/Ref):2		RACETYPE:Outsider		RACESUBTYPE:Air|Elemental|Extraplanar	TYPE:Elemental		CR:1			ROLE:Combat		SOURCEPAGE:p.120	KIT:1|Outsider ~ Elemental (Air/Small)
Elemental, Earth (Small)	KEY:Elemental (Earth/Small)	OUTPUTNAME:Small Earth Elemental	STARTFEATS:1	FACT:BaseSize|S	SIZE:S	MOVE:Walk,20,Burrow,20	REACH:5	BONUS:STAT|STR|6	BONUS:STAT|DEX|-2	BONUS:STAT|CON|2	BONUS:STAT|INT|-6												CSKILL:Appraise|Climb|Knowledge (Dungeoneering)		AUTO:LANG|Terran	ABILITY:Internal|AUTOMATIC|Racial Traits ~ Elemental (Earth)|Racial Traits ~ Small Earth Elemental	LEGS:2	HANDS:2																	MONSTERCLASS:Outsider (Fort/Will):2		RACETYPE:Outsider		RACESUBTYPE:Earth|Elemental|Extraplanar	TYPE:Elemental		CR:1			ROLE:Combat		SOURCEPAGE:p.122	KIT:1|Outsider ~ Elemental (Earth/Small)
Elemental, Fire (Small)		KEY:Elemental (Fire/Small)	OUTPUTNAME:Small Fire Elemental	STARTFEATS:1	FACT:BaseSize|S	SIZE:S	MOVE:Walk,50		REACH:5	BONUS:STAT|DEX|2	BONUS:STAT|INT|-6																		CSKILL:Acrobatics|Climb|Escape Artist|Intimidate	AUTO:LANG|Ignan	ABILITY:Internal|AUTOMATIC|Racial Traits ~ Elemental (Fire)|Racial Traits ~ Small Fire Elemental	LEGS:2	HANDS:2																	MONSTERCLASS:Outsider (Fort/Ref):2		RACETYPE:Outsider		RACESUBTYPE:Elemental|Extraplanar|Fire	TYPE:Elemental		CR:1			ROLE:Combat		SOURCEPAGE:p.124	KIT:1|Outsider ~ Elemental (Fire/Small)
Elemental, Water (Small)	KEY:Elemental (Water/Small)	OUTPUTNAME:Small Water Elemental	STARTFEATS:1	FACT:BaseSize|S	SIZE:S	MOVE:Walk,20,Swim,90	REACH:5	BONUS:STAT|STR|4	BONUS:STAT|CON|2	BONUS:STAT|INT|-6															CSKILL:Acrobatics|Escape Artist|Swim			AUTO:LANG|Aquan	ABILITY:Internal|AUTOMATIC|Racial Traits ~ Elemental (Water)|Racial Traits ~ Small Water Elemental	LEGS:0	HANDS:2																	MONSTERCLASS:Outsider (Fort/Ref):2		RACETYPE:Outsider		RACESUBTYPE:Elemental|Extraplanar|Water	TYPE:Elemental		CR:1			ROLE:Combat		SOURCEPAGE:p.126	KIT:1|Outsider ~ Elemental (Water/Small)
Stirge															STARTFEATS:1	FACT:BaseSize|T	SIZE:T	MOVE:Walk,10,Fly,40	REACH:0	BONUS:STAT|STR|-8	BONUS:STAT|DEX|8	BONUS:STAT|INT|-10	BONUS:STAT|WIS|2	BONUS:STAT|CHA|-4	BONUS:VAR|RaceSizeIsLong|1|TYPE=Base													ABILITY:Internal|AUTOMATIC|Racial Traits ~ Stirge									LEGS:6			NATURALATTACKS:Touch,Weapon.Natural.Weapon Group Natural.Melee.Finesseable.Piercing,*1,Attach	MONSTERCLASS:Magical Beast:1			RACETYPE:Magical Beast								TYPE:Magical Beast	CR:1/2					SOURCEPAGE:p.260	KIT:1|Magical Beast ~ Stirge

# Arcane spellcaster level 7
###Block: New familiars
# Race Name		Unique Key			Output Name			Starting Feats	Base size		Size		Move					Reach		Stat bonus											Modify VAR						Class Skill							Auto Language			Ability									Nb Legs	Nb Hands	Spell Res.	Damage Reduction		Monster Class Name and Starting Level	Main Race Type		Race Subtype						Type			Challenge Rating	Monster Role	Source Page		Apply Kit
Homunculus										STARTFEATS:1	FACT:BaseSize|T	SIZE:T	MOVE:Walk,20,Fly,50		REACH:0	BONUS:STAT|STR|-2	BONUS:STAT|DEX|4	BONUS:STAT|WIS|2	BONUS:STAT|CHA|-4																AUTO:LANG|Common			ABILITY:Internal|AUTOMATIC|Racial Traits ~ Homunculus		LEGS:2	HANDS:2							MONSTERCLASS:Construct:2			RACETYPE:Construct									TYPE:Cosntruct	CR:1			ROLE:Skill		SOURCEPAGE:p.176	KIT:1|Construct ~ Homunculus
Devil, Imp		KEY:Devil (Imp)		OUTPUTNAME:Imp		STARTFEATS:1	FACT:BaseSize|T	SIZE:T	MOVE:Walk,20,Fly,50		REACH:0	BONUS:STAT|DEX|6	BONUS:STAT|INT,WIS|2	BONUS:STAT|CHA|4										CSKILL:Acrobatics|Knowledge (Arcana)|Spellcraft	AUTO:LANG|Infernal		ABILITY:Internal|AUTOMATIC|Racial Traits ~ Imp			LEGS:2	HANDS:2			DR:5/Good or Silver	MONSTERCLASS:Outsider (Ref/Will):3		RACETYPE:Outsider		RACESUBTYPE:Devil|Evil|Extraplanar|Lawful		TYPE:Outsider	CR:2			ROLE:Skill		SOURCEPAGE:p.78	KIT:1|Outsider ~ Imp
Mephit, Air		KEY:Mephit (Air)		OUTPUTNAME:Air Mephit	STARTFEATS:1	FACT:BaseSize|S	SIZE:S	MOVE:Walk,30,Fly,60		REACH:5	BONUS:STAT|STR,CON|2	BONUS:STAT|DEX,CHA|4	BONUS:STAT|INT|-4																	AUTO:LANG|Common|Auran		ABILITY:Internal|AUTOMATIC|Racial Traits ~ Mephit (Air)	LEGS:2	HANDS:2			DR:5/Magic			MONSTERCLASS:Outsider (Ref/Will):3		RACETYPE:Outsider		RACESUBTYPE:Air						TYPE:Outsider	CR:3			ROLE:Combat		SOURCEPAGE:p.202	KIT:1|Outsider ~ Mephit
Mephit, Dust	KEY:Mephit (Dust)		OUTPUTNAME:Dust Mephit	STARTFEATS:1	FACT:BaseSize|S	SIZE:S	MOVE:Walk,30,Fly,50		REACH:5	BONUS:STAT|STR,CON|2	BONUS:STAT|DEX,CHA|4	BONUS:STAT|INT|-4																	AUTO:LANG|Common|Auran		ABILITY:Internal|AUTOMATIC|Racial Traits ~ Mephit (Dust)	LEGS:2	HANDS:2			DR:5/Magic			MONSTERCLASS:Outsider (Ref/Will):3		RACETYPE:Outsider		RACESUBTYPE:Air						TYPE:Outsider	CR:3			ROLE:Combat		SOURCEPAGE:p.202	KIT:1|Outsider ~ Mephit
Mephit, Earth	KEY:Mephit (Earth)	OUTPUTNAME:Earth Mephit	STARTFEATS:1	FACT:BaseSize|S	SIZE:S	MOVE:Walk,30,Fly,40		REACH:5	BONUS:STAT|STR,CON|2	BONUS:STAT|DEX,CHA|4	BONUS:STAT|INT|-4																	AUTO:LANG|Common|Terran		ABILITY:Internal|AUTOMATIC|Racial Traits ~ Mephit (Earth)	LEGS:2	HANDS:2			DR:5/Magic			MONSTERCLASS:Outsider (Ref/Will):3		RACETYPE:Outsider		RACESUBTYPE:Earth						TYPE:Outsider	CR:3			ROLE:Combat		SOURCEPAGE:p.202	KIT:1|Outsider ~ Mephit
# Mephit, Fire	KEY:Mephit (Fire)		OUTPUTNAME:Fire Mephit	STARTFEATS:1	FACT:BaseSize|S	SIZE:S	MOVE:Walk,30,Fly,40		REACH:5	BONUS:STAT|STR,CON|2	BONUS:STAT|DEX,CHA|4	BONUS:STAT|INT|-4																	AUTO:LANG|Common|Ignan		ABILITY:Internal|AUTOMATIC|Racial Traits ~ Mephit (Fire)	LEGS:2	HANDS:2			DR:5/Magic			MONSTERCLASS:Outsider (Ref/Will):3		RACETYPE:Outsider		RACESUBTYPE:Fire						TYPE:Outsider	CR:3			ROLE:Combat		SOURCEPAGE:p.202	KIT:1|Outsider ~ Mephit
# Mephit, Ice		KEY:Mephit (Ice)		OUTPUTNAME:Ice Mephit	STARTFEATS:1	FACT:BaseSize|S	SIZE:S	MOVE:Walk,30,Fly,40		REACH:5	BONUS:STAT|STR,CON|2	BONUS:STAT|DEX,CHA|4	BONUS:STAT|INT|-4																	AUTO:LANG|Common|Auran		ABILITY:Internal|AUTOMATIC|Racial Traits ~ Mephit (Ice)	LEGS:2	HANDS:2			DR:5/Magic			MONSTERCLASS:Outsider (Ref/Will):3		RACETYPE:Outsider		RACESUBTYPE:Cold						TYPE:Outsider	CR:3			ROLE:Combat		SOURCEPAGE:p.202	KIT:1|Outsider ~ Mephit
# Mephit, Magma	KEY:Mephit (Magma)	OUTPUTNAME:Magma Mephit	STARTFEATS:1	FACT:BaseSize|S	SIZE:S	MOVE:Walk,30,Fly,40		REACH:5	BONUS:STAT|STR,CON|2	BONUS:STAT|DEX,CHA|4	BONUS:STAT|INT|-4																	AUTO:LANG|Common|Ignan		ABILITY:Internal|AUTOMATIC|Racial Traits ~ Mephit (Magma)	LEGS:2	HANDS:2			DR:5/Magic			MONSTERCLASS:Outsider (Ref/Will):3		RACETYPE:Outsider		RACESUBTYPE:Fire						TYPE:Outsider	CR:3			ROLE:Combat		SOURCEPAGE:p.202	KIT:1|Outsider ~ Mephit
# Mephit, Ooze	KEY:Mephit (Ooze)		OUTPUTNAME:Ooze Mephit	STARTFEATS:1	FACT:BaseSize|S	SIZE:S	MOVE:Walk,30,Fly,40,Swim,30	REACH:5	BONUS:STAT|STR,CON|2	BONUS:STAT|DEX,CHA|4	BONUS:STAT|INT|-4																	AUTO:LANG|Common|Aquan		ABILITY:Internal|AUTOMATIC|Racial Traits ~ Mephit (Ooze)	LEGS:2	HANDS:2			DR:5/Magic			MONSTERCLASS:Outsider (Ref/Will):3		RACETYPE:Outsider		RACESUBTYPE:Water						TYPE:Outsider	CR:3			ROLE:Combat		SOURCEPAGE:p.202	KIT:1|Outsider ~ Mephit
# Mephit, Salt	KEY:Mephit (Salt)		OUTPUTNAME:Salt Mephit	STARTFEATS:1	FACT:BaseSize|S	SIZE:S	MOVE:Walk,30,Fly,40		REACH:5	BONUS:STAT|STR,CON|2	BONUS:STAT|DEX,CHA|4	BONUS:STAT|INT|-4																	AUTO:LANG|Common|Terran		ABILITY:Internal|AUTOMATIC|Racial Traits ~ Mephit (Salt)	LEGS:2	HANDS:2			DR:5/Magic			MONSTERCLASS:Outsider (Ref/Will):3		RACETYPE:Outsider		RACESUBTYPE:Earth						TYPE:Outsider	CR:3			ROLE:Combat		SOURCEPAGE:p.202	KIT:1|Outsider ~ Mephit
Mephit, Steam	KEY:Mephit (Steam)	OUTPUTNAME:Steam Mephit	STARTFEATS:1	FACT:BaseSize|S	SIZE:S	MOVE:Walk,30,Fly,40		REACH:5	BONUS:STAT|STR,CON|2	BONUS:STAT|DEX,CHA|4	BONUS:STAT|INT|-4																	AUTO:LANG|Common|Ignan		ABILITY:Internal|AUTOMATIC|Racial Traits ~ Mephit (Steam)	LEGS:2	HANDS:2			DR:5/Magic			MONSTERCLASS:Outsider (Ref/Will):3		RACETYPE:Outsider		RACESUBTYPE:Fire						TYPE:Outsider	CR:3			ROLE:Combat		SOURCEPAGE:p.202	KIT:1|Outsider ~ Mephit
# Mephit, Water	KEY:Mephit (Water)	OUTPUTNAME:Water Mephit	STARTFEATS:1	FACT:BaseSize|S	SIZE:S	MOVE:Walk,30,Fly,40,Swim,30	REACH:5	BONUS:STAT|STR,CON|2	BONUS:STAT|DEX,CHA|4	BONUS:STAT|INT|-4																	AUTO:LANG|Common|Aquan		ABILITY:Internal|AUTOMATIC|Racial Traits ~ Mephit (Water)	LEGS:2	HANDS:2			DR:5/Magic			MONSTERCLASS:Outsider (Ref/Will):3		RACETYPE:Outsider		RACESUBTYPE:Water						TYPE:Outsider	CR:3			ROLE:Combat		SOURCEPAGE:p.202	KIT:1|Outsider ~ Mephit
Pseudodragon									STARTFEATS:1	FACT:BaseSize|T	SIZE:T	MOVE:Walk,15,Fly,60		REACH:5	BONUS:STAT|STR|-4	BONUS:STAT|DEX|4	BONUS:STAT|CON,WIS|2			BONUS:VAR|RaceSizeIsLong|1|TYPE=Base									AUTO:LANG|Draconic		ABILITY:Internal|AUTOMATIC|Racial Traits ~ Pseudodragon	LEGS:4			SR:12						MONSTERCLASS:Dragon:2				RACETYPE:Dragon										TYPE:Dragon		CR:1			ROLE:Combat		SOURCEPAGE:p.229	KIT:1|Dragon ~ Pseudodragon
# Demon, Quasit	KEY:Demon (Quasit)	OUTPUTNAME:Quasit		STARTFEATS:1	FACT:BaseSize|T	SIZE:T	MOVE:Walk,20,Fly,50		REACH:0	BONUS:STAT|STR|-2	BONUS:STAT|DEX|4	BONUS:STAT|WIS|2											CSKILL:Fly|Intimidate					AUTO:LANG|Common|Abyssal	ABILITY:Internal|AUTOMATIC|Racial Traits ~ Quasit		LEGS:2	HANDS:2			DR:5/Cold Iron or Good	MONSTERCLASS:Outsider (Ref/Will):3		RACETYPE:Outsider		RACESUBTYPE:Chaotic|Demon|Evil|Extraplanar	TYPE:Outsider	CR:2			ROLE:Skill		SOURCEPAGE:p.66	KIT:1|Outsider ~ Quasit

#### UM

###Block: Familiars
# Race Name					SORTKEY			Output Name				Starting Feats	Base size		Size		Move					Reach		Vision				Bonus Ability Pool				Bonus to Situation														Bonus to skill																				Stat bonus																		Modify VAR																								Weapon prof. bonus					Ability																																			Nb Legs	Nb Hands	Natural Attacks															Define				Monster Class Name and Starting Level	Main Race Type	Race Subtype		Type				Template		Challenge Rating	Source Page		Apply Kit
Familiar (Blue-Ringed Octopus)					OUTPUTNAME:[NAME]			STARTFEATS:1	FACT:BaseSize|T	SIZE:T	MOVE:Walk,20,Swim,30,Jet,60	REACH:0																														BONUS:SKILL|Climb,Swim|DEX-STR	BONUS:SKILL|Escape Artist|10|TYPE=Racial	BONUS:SKILL|Stealth|8|TYPE=Racial				BONUS:STAT|STR|-2	BONUS:STAT|DEX|10	BONUS:STAT|CON|0	BONUS:STAT|INT|-8	BONUS:STAT|WIS|2	BONUS:STAT|CHA|-8		BONUS:VAR|RaceSizeIsLong|1|TYPE=Base																			BONUS:WEAPONPROF=Tentacles|DAMAGE|-STR		ABILITY:FEAT|AUTOMATIC|Multiattack	ABILITY:Special Ability|AUTOMATIC|Blue-Ringed Octopus ~ Ink Cloud|Blue-Ringed Octopus ~ Jet|Blue-Ringed Octopus ~ Poison|Can't Be Tripped|Grab	ABILITY:Internal|AUTOMATIC|Bite	LEGS:8			NATURALATTACKS:Tentacles,Weapon.Natural.Melee.Finesseable.Bludgeoning.Grab,*1,0									MONSTERCLASS:Animal:1				RACETYPE:Animal	RACESUBTYPE:Aquatic								CR:1/2		SOURCEPAGE:p.117	KIT:1|Familiar ~ Blue-Ringed Octopus
Familiar (Donkey Rat)							OUTPUTNAME:[NAME]			STARTFEATS:1	FACT:BaseSize|S	SIZE:S	MOVE:Walk,30,Swim,20		REACH:5																																																				BONUS:STAT|STR|-4	BONUS:STAT|DEX|6	BONUS:STAT|CON|2	BONUS:STAT|INT|-8	BONUS:STAT|WIS|2	BONUS:STAT|CHA|-6		BONUS:VAR|RaceSizeIsLong|1|TYPE=Base																											ABILITY:Special Ability|AUTOMATIC|Scent	ABILITY:Internal|AUTOMATIC|Bite																								LEGS:4																									MONSTERCLASS:Animal:1				RACETYPE:Animal												CR:1/4		SOURCEPAGE:p.117	KIT:1|Familiar ~ Donkey Rat
Familiar (Fox)								OUTPUTNAME:[NAME]			STARTFEATS:1	FACT:BaseSize|T	SIZE:T	MOVE:Walk,40			REACH:0													BONUS:SITUATION|Acrobatics=When Jumping|4|TYPE=Racial	BONUS:SITUATION|Survival=Track by scent|4|TYPE=Racial	BONUS:SKILL|Climb,Swim|DEX-STR																	BONUS:STAT|STR|-2	BONUS:STAT|DEX|4	BONUS:STAT|CON|2	BONUS:STAT|INT|-8	BONUS:STAT|WIS|2	BONUS:STAT|CHA|-4		BONUS:VAR|RaceSizeIsLong|1|TYPE=Base																			BONUS:WEAPONPROF=Bite|DAMAGE|max(0,(STR/2))	ABILITY:Internal|AUTOMATIC|Bite																															LEGS:4																									MONSTERCLASS:Animal:1				RACETYPE:Animal												CR:1/4		SOURCEPAGE:p.117	KIT:1|Familiar ~ Fox
Familiar (Goat)								OUTPUTNAME:[NAME]			STARTFEATS:1	FACT:BaseSize|S	SIZE:S	MOVE:Walk,30			REACH:0													BONUS:SITUATION|Acrobatics=When Jumping|4|TYPE=Racial	BONUS:SITUATION|Survival=Find Food|4|TYPE=Racial																							BONUS:STAT|STR|2	BONUS:STAT|DEX|2	BONUS:STAT|CON|2	BONUS:STAT|INT|-8	BONUS:STAT|WIS|0	BONUS:STAT|CHA|-6		BONUS:VAR|AC_Natural_Armor|1|TYPE=Base	BONUS:VAR|RaceSizeIsLong|1|TYPE=Base												BONUS:WEAPONPROF=Gore|DAMAGE|max(0,(STR/2))	ABILITY:Internal|AUTOMATIC|Gore																															LEGS:4																									MONSTERCLASS:Animal:1				RACETYPE:Animal												CR:1/3		SOURCEPAGE:p.118	KIT:1|Familiar ~ Goat
Familiar (Scorpion (Greensting))	SORTKEY:z_Companion	OUTPUTNAME:Familiar [NAME]				FACT:BaseSize|T	SIZE:T	MOVE:Walk,30			REACH:0																														BONUS:SKILL|Climb,Perception,Stealth|4|TYPE=Racial														BONUS:STAT|STR|-8	BONUS:STAT|DEX|6	BONUS:STAT|CHA|-8	BONUS:STAT|INT|-9								BONUS:VAR|AC_Natural_Armor|3|TYPE=Base	BONUS:VAR|RaceSizeIsLong|1|TYPE=Base																				ABILITY:FEAT|AUTOMATIC|Weapon Finesse	ABILITY:Special Ability|AUTOMATIC|Greensting Scorpion Companion ~ Poison	ABILITY:Internal|AUTOMATIC|Sting											LEGS:8	HANDS:3																							MONSTERCLASS:Vermin:1				RACETYPE:Vermin					TYPE:Companion.Familiar				CR:1/4		SOURCEPAGE:p.118	KIT:1|Familiar ~ Scorpion (Greensting)
Familiar (Hedgehog)							OUTPUTNAME:[NAME]			STARTFEATS:1	FACT:BaseSize|D	SIZE:D	MOVE:Walk,20			REACH:0																														BONUS:SKILL|Climb,Swim|DEX-STR																	BONUS:STAT|STR|-9	BONUS:STAT|DEX|6	BONUS:STAT|CON|-4	BONUS:STAT|INT|-8	BONUS:STAT|WIS|2	BONUS:STAT|CHA|-4		BONUS:VAR|AC_Natural_Armor|1|TYPE=Base	BONUS:VAR|RaceSizeIsLong|1|TYPE=Base																				ABILITY:Special Ability|AUTOMATIC|Hedgehog ~ Spiny Defense																											LEGS:4																									MONSTERCLASS:Animal:1				RACETYPE:Animal												CR:1/8		SOURCEPAGE:p.119	KIT:1|Familiar ~ Hedgehog
Familiar (Centipede (House))		SORTKEY:z_Companion	OUTPUTNAME:Familiar [NAME]				FACT:BaseSize|T	SIZE:T	MOVE:Walk,40,Climb,40		REACH:5																														BONUS:SKILL|Perception|4|TYPE=Racial	BONUS:SKILL|Stealth|8|TYPE=Racial										BONUS:STAT|STR|-9	BONUS:STAT|DEX|8	BONUS:STAT|CHA|-8	BONUS:STAT|INT|-9								BONUS:VAR|AC_Natural_Armor|2|TYPE=Base	BONUS:VAR|PoisonSaveDC|2|TYPE=Racial												BONUS:WEAPONPROF=Bite|DAMAGE|max(0,(STR/2))	ABILITY:FEAT|AUTOMATIC|Weapon Finesse	ABILITY:Special Ability|AUTOMATIC|Can't Be Tripped|Giant Centipede Companion ~ Poison	ABILITY:Internal|AUTOMATIC|Bite									LEGS:100	HANDS:0																							MONSTERCLASS:Vermin:1				RACETYPE:Vermin					TYPE:Companion.Familiar				CR:1/8		SOURCEPAGE:p.43	KIT:1|Familiar ~ Centipede (House)
Familiar (Crab (Giant King))		SORTKEY:z_Companion	OUTPUTNAME:Familiar [NAME]				FACT:BaseSize|T	SIZE:T	MOVE:Walk,30,Swim,20		REACH:0																														BONUS:SKILL|Perception|4|TYPE=Racial																BONUS:STAT|STR|-4	BONUS:STAT|DEX|6	BONUS:STAT|CON|2	BONUS:STAT|CHA|-8	BONUS:STAT|INT|-9					BONUS:VAR|AC_Natural_Armor|5|TYPE=Base	BONUS:VAR|ConstrictDieSize|2	BONUS:VAR|ConstrictBonusDamage|STR	BONUS:VAR|RaceSizeIsLong|1|TYPE=Base									ABILITY:Special Ability|AUTOMATIC|Constrict|Crab Companion ~ Water Dependency|Grab	ABILITY:Internal|AUTOMATIC|Claw																	LEGS:8	HANDS:2																							MONSTERCLASS:Vermin:1				RACETYPE:Vermin					TYPE:Companion.Familiar	TEMPLATE:Aquatic	CR:1/4		SOURCEPAGE:p.50	KIT:1|Familiar ~ Crab (Giant King)
Familiar (Pig)								OUTPUTNAME:[NAME]			STARTFEATS:1	FACT:BaseSize|S	SIZE:S	MOVE:Walk,30			REACH:5																																																				BONUS:STAT|STR|0	BONUS:STAT|DEX|2	BONUS:STAT|CON|4	BONUS:STAT|INT|-8	BONUS:STAT|WIS|2	BONUS:STAT|CHA|-6		BONUS:VAR|AC_Natural_Armor|1|TYPE=Base	BONUS:VAR|RaceSizeIsLong|1|TYPE=Base												BONUS:WEAPONPROF=Bite|DAMAGE|max(0,(STR/2))	ABILITY:Internal|AUTOMATIC|Bite																															LEGS:4																									MONSTERCLASS:Animal:1				RACETYPE:Animal												CR:1/3		SOURCEPAGE:p.119	KIT:1|Familiar ~ Pig
# Familiar (Spider (Scarlet))		SORTKEY:z_Companion	OUTPUTNAME:Familiar [NAME]				FACT:BaseSize|T	SIZE:T	MOVE:Walk,30,Climb,30		REACH:0	VISION:Tremorsense (60')	BONUS:ABILITYPOOL|Giant Spider Type|1	BONUS:SITUATION|Stealth=In webs|4|TYPE=Racial										BONUS:SKILL|Perception,Stealth|4|TYPE=Racial	BONUS:SKILL|Climb|8|TYPE=Racial									BONUS:STAT|STR|-8	BONUS:STAT|DEX|2	BONUS:STAT|CHA|-8	BONUS:STAT|INT|-9								BONUS:VAR|AC_Natural_Armor|1|TYPE=Base	BONUS:VAR|PoisonSaveDC|2|TYPE=Racial	BONUS:VAR|RaceSizeIsLong|1|TYPE=Base					BONUS:WEAPONPROF=Bite|DAMAGE|max(0,(STR/2))	ABILITY:Special Ability|AUTOMATIC|Giant Spider Companion ~ Poison	ABILITY:Internal|AUTOMATIC|Bite																				LEGS:8																									MONSTERCLASS:Vermin:1				RACETYPE:Vermin					TYPE:Companion.Familiar				CR:1/4		SOURCEPAGE:p.258	KIT:1|Familiar ~ Spider (Scarlet)
Familiar (Thrush)								OUTPUTNAME:[NAME]			STARTFEATS:1	FACT:BaseSize|D	SIZE:D	MOVE:Walk,10,Fly,40		REACH:0																														BONUS:SKILL|Climb,Swim|DEX-STR																	BONUS:STAT|STR|-9	BONUS:STAT|DEX|4	BONUS:STAT|CON|-4	BONUS:STAT|INT|-8	BONUS:STAT|WIS|4	BONUS:STAT|CHA|-4		BONUS:VAR|Maneuverability|3																					BONUS:WEAPONPROF=Bite|DAMAGE|max(0,(STR/2))	ABILITY:Special Ability|AUTOMATIC|Flight Maneuverability	ABILITY:Internal|AUTOMATIC|Bite																					LEGS:2																				DEFINE:Maneuverability|0	MONSTERCLASS:Animal:1				RACETYPE:Animal												CR:1/3		SOURCEPAGE:p.120	KIT:1|Familiar ~ Thrush
Familiar (Turtle)								OUTPUTNAME:[NAME]			STARTFEATS:1	FACT:BaseSize|T	SIZE:T	MOVE:Walk,5,Swim,20		REACH:0																														BONUS:SKILL|Climb,Swim|DEX-STR																	BONUS:STAT|STR|-8	BONUS:STAT|DEX|-4	BONUS:STAT|CON|-2	BONUS:STAT|INT|-8	BONUS:STAT|WIS|2	BONUS:STAT|CHA|-8		BONUS:VAR|AC_Natural_Armor|6|TYPE=Base	BONUS:VAR|RaceSizeIsLong|1|TYPE=Base												BONUS:WEAPONPROF=Bite|DAMAGE|max(0,(STR/2))	ABILITY:Special Ability|AUTOMATIC|Turtle ~ Shell Retreat	ABILITY:Internal|AUTOMATIC|Bite																					LEGS:4																									MONSTERCLASS:Animal:1				RACETYPE:Animal												CR:1/6		SOURCEPAGE:p.120	KIT:1|Familiar ~ Turtle

# Animal versions
Blue-Ringed Octopus												STARTFEATS:1	FACT:BaseSize|T	SIZE:T	MOVE:Walk,20,Swim,30,Jet,60	REACH:0																														BONUS:SKILL|Climb,Swim|DEX-STR	BONUS:SKILL|Escape Artist|10|TYPE=Racial	BONUS:SKILL|Stealth|8|TYPE=Racial				BONUS:STAT|STR|-2	BONUS:STAT|DEX|10	BONUS:STAT|CON|0	BONUS:STAT|INT|-8	BONUS:STAT|WIS|2	BONUS:STAT|CHA|-8		BONUS:VAR|RaceSizeIsLong|1|TYPE=Base																			BONUS:WEAPONPROF=Tentacles|DAMAGE|-STR		ABILITY:FEAT|AUTOMATIC|Multiattack	ABILITY:Special Ability|AUTOMATIC|Blue-Ringed Octopus ~ Ink Cloud|Blue-Ringed Octopus ~ Jet|Blue-Ringed Octopus ~ Poison|Can't Be Tripped|Grab	ABILITY:Internal|AUTOMATIC|Bite	LEGS:8			NATURALATTACKS:Tentacles,Weapon.Natural.Melee.Finesseable.Bludgeoning.Grab,*1,0									MONSTERCLASS:Animal:1				RACETYPE:Animal	RACESUBTYPE:Aquatic								CR:1/2		SOURCEPAGE:p.117	KIT:1|Familiar ~ Blue-Ringed Octopus
Donkey Rat														STARTFEATS:1	FACT:BaseSize|S	SIZE:S	MOVE:Walk,30,Swim,20		REACH:5																																																				BONUS:STAT|STR|-4	BONUS:STAT|DEX|6	BONUS:STAT|CON|2	BONUS:STAT|INT|-8	BONUS:STAT|WIS|2	BONUS:STAT|CHA|-6		BONUS:VAR|RaceSizeIsLong|1|TYPE=Base																											ABILITY:Special Ability|AUTOMATIC|Scent	ABILITY:Internal|AUTOMATIC|Bite																								LEGS:4																									MONSTERCLASS:Animal:1				RACETYPE:Animal												CR:1/4		SOURCEPAGE:p.117	KIT:1|Familiar ~ Donkey Rat
Fox															STARTFEATS:1	FACT:BaseSize|T	SIZE:T	MOVE:Walk,40			REACH:0													BONUS:SITUATION|Acrobatics=When Jumping|4|TYPE=Racial	BONUS:SITUATION|Survival=Track by scent|4|TYPE=Racial	BONUS:SKILL|Climb,Swim|DEX-STR																	BONUS:STAT|STR|-2	BONUS:STAT|DEX|4	BONUS:STAT|CON|2	BONUS:STAT|INT|-8	BONUS:STAT|WIS|2	BONUS:STAT|CHA|-4		BONUS:VAR|RaceSizeIsLong|1|TYPE=Base																			BONUS:WEAPONPROF=Bite|DAMAGE|max(0,(STR/2))	ABILITY:Internal|AUTOMATIC|Bite																															LEGS:4																									MONSTERCLASS:Animal:1				RACETYPE:Animal												CR:1/4		SOURCEPAGE:p.117	KIT:1|Familiar ~ Fox
Goat															STARTFEATS:1	FACT:BaseSize|S	SIZE:S	MOVE:Walk,30			REACH:0													BONUS:SITUATION|Acrobatics=When Jumping|4|TYPE=Racial	BONUS:SITUATION|Survival=Find Food|4|TYPE=Racial																							BONUS:STAT|STR|2	BONUS:STAT|DEX|2	BONUS:STAT|CON|2	BONUS:STAT|INT|-8	BONUS:STAT|WIS|0	BONUS:STAT|CHA|-6		BONUS:VAR|AC_Natural_Armor|1|TYPE=Base	BONUS:VAR|RaceSizeIsLong|1|TYPE=Base												BONUS:WEAPONPROF=Gore|DAMAGE|max(0,(STR/2))	ABILITY:Internal|AUTOMATIC|Gore																															LEGS:4																									MONSTERCLASS:Animal:1				RACETYPE:Animal												CR:1/3		SOURCEPAGE:p.118	KIT:1|Familiar ~ Goat
Scorpion (Greensting))												STARTFEATS:0	FACT:BaseSize|T	SIZE:T	MOVE:Walk,30			REACH:0																														BONUS:SKILL|Climb,Swim|DEX-STR	BONUS:SKILL|Climb,Perception,Stealth|4|TYPE=Racial								BONUS:STAT|STR|-8	BONUS:STAT|DEX|6	BONUS:STAT|INT|0	BONUS:STAT|WIS|0	BONUS:STAT|CHA|-8					BONUS:VAR|AC_Natural_Armor|3|TYPE=Base	BONUS:VAR|RaceSizeIsLong|1|TYPE=Base	BONUS:VAR|Mindless|1								BONUS:WEAPONPROF=Sting|DAMAGE|max(0,(STR/2))																																					LEGS:6			NATURALATTACKS:Sting,Weapon.Natural.Melee.Finesseable.Piercing.Poison,*1,1d2										MONSTERCLASS:Vermin:1				RACETYPE:Vermin												CR:1/4		SOURCEPAGE:p.118	KIT:1|Familiar ~ Scorpion (Greensting)
Hedgehog														STARTFEATS:1	FACT:BaseSize|D	SIZE:D	MOVE:Walk,20			REACH:0																														BONUS:SKILL|Climb,Swim|DEX-STR																	BONUS:STAT|STR|-9	BONUS:STAT|DEX|6	BONUS:STAT|CON|-4	BONUS:STAT|INT|-8	BONUS:STAT|WIS|2	BONUS:STAT|CHA|-4		BONUS:VAR|AC_Natural_Armor|1|TYPE=Base	BONUS:VAR|RaceSizeIsLong|1|TYPE=Base																				ABILITY:Special Ability|AUTOMATIC|Hedgehog ~ Spiny Defense																											LEGS:4																									MONSTERCLASS:Animal:1				RACETYPE:Animal												CR:1/8		SOURCEPAGE:p.119	KIT:1|Familiar ~ Hedgehog
House Centipede													STARTFEATS:0	FACT:BaseSize|T	SIZE:T	MOVE:Walk,40,Climb,40		REACH:0																														BONUS:SKILL|Climb,Swim|DEX-STR	BONUS:SKILL|Perception|4|TYPE=Racial	BONUS:SKILL|Stealth|8|TYPE=Racial				BONUS:STAT|STR|-9	BONUS:STAT|DEX|6	BONUS:STAT|INT|-8	BONUS:STAT|WIS|0	BONUS:STAT|CHA|-8					BONUS:VAR|AC_Natural_Armor|2|TYPE=Base	BONUS:VAR|Mindless|1															BONUS:WEAPONPROF=Bite|DAMAGE|max(0,(STR/2))	ABILITY:Special Ability|AUTOMATIC|Can't Be Tripped|House Centipede ~ Poison																								LEGS:100			NATURALATTACKS:Bite,Weapon.Natural.Melee.Finesseable.Bludgeoning.Piercing.Slashing.Poison,*1,1d3						MONSTERCLASS:Vermin:1				RACETYPE:Vermin												CR:1/8		SOURCEPAGE:p.119	KIT:1|Familiar ~ House Centipede
King Crab														STARTFEATS:0	FACT:BaseSize|T	SIZE:T	MOVE:Walk,30,Swim,20		REACH:0																														BONUS:SKILL|Climb,Swim|DEX-STR	BONUS:SKILL|Perception|4|TYPE=Racial										BONUS:STAT|STR|-4	BONUS:STAT|DEX|4	BONUS:STAT|CON|2	BONUS:STAT|INT|-8	BONUS:STAT|WIS|0	BONUS:STAT|CHA|-8		BONUS:VAR|AC_Natural_Armor|4|TYPE=Base	BONUS:VAR|RaceSizeIsLong|1|TYPE=Base	BONUS:VAR|Mindless|1																ABILITY:Special Ability|AUTOMATIC|Grab|King Crab ~ Water Dependency																									LEGS:8			NATURALATTACKS:Claw,Weapon.Natural.Melee.Finesseable.Slashing.Grab,*2,1d2										MONSTERCLASS:Vermin:1				RACETYPE:Vermin									TEMPLATE:Aquatic	CR:1/4		SOURCEPAGE:p.119	KIT:1|Familiar ~ King Crab
Pig															STARTFEATS:1	FACT:BaseSize|S	SIZE:S	MOVE:Walk,30			REACH:5																																																				BONUS:STAT|STR|0	BONUS:STAT|DEX|2	BONUS:STAT|CON|4	BONUS:STAT|INT|-8	BONUS:STAT|WIS|2	BONUS:STAT|CHA|-6		BONUS:VAR|AC_Natural_Armor|1|TYPE=Base	BONUS:VAR|RaceSizeIsLong|1|TYPE=Base												BONUS:WEAPONPROF=Bite|DAMAGE|max(0,(STR/2))	ABILITY:Internal|AUTOMATIC|Bite																															LEGS:4																									MONSTERCLASS:Animal:1				RACETYPE:Animal												CR:1/3		SOURCEPAGE:p.119	KIT:1|Familiar ~ Pig
Scarlet Spider													STARTFEATS:0	FACT:BaseSize|T	SIZE:T	MOVE:Walk,30,Climb,30		REACH:0																														BONUS:SKILL|Climb,Swim|DEX-STR	BONUS:SKILL|Perception,Stealth|4|TYPE=Racial	BONUS:SKILL|Acrobatics,Climb|8|TYPE=Racial	BONUS:STAT|STR|-8	BONUS:STAT|DEX|10	BONUS:STAT|CON|0	BONUS:STAT|INT|-10	BONUS:STAT|WIS|0	BONUS:STAT|CHA|-8	BONUS:VAR|AC_Natural_Armor|1|TYPE=Base	BONUS:VAR|RaceSizeIsLong|1|TYPE=Base	BONUS:VAR|Mindless|1								BONUS:WEAPONPROF=Bite|DAMAGE|max(0,(STR/2))	ABILITY:Special Ability|AUTOMATIC|Scarlet Spider ~ Poison																											LEGS:8			NATURALATTACKS:Bite,Weapon.Natural.Melee.Finesseable.Bludgeoning.Piercing.Slashing.Poison,*1,1d3						MONSTERCLASS:Vermin:1				RACETYPE:Vermin												CR:1/4		SOURCEPAGE:p.120	KIT:1|Familiar ~ Scarlet Spider
Thrush														STARTFEATS:1	FACT:BaseSize|D	SIZE:D	MOVE:Walk,10,Fly,40		REACH:0																														BONUS:SKILL|Climb,Swim|DEX-STR																	BONUS:STAT|STR|-9	BONUS:STAT|DEX|4	BONUS:STAT|CON|-4	BONUS:STAT|INT|-8	BONUS:STAT|WIS|4	BONUS:STAT|CHA|-4		BONUS:VAR|Maneuverability|3																					BONUS:WEAPONPROF=Bite|DAMAGE|max(0,(STR/2))	ABILITY:Special Ability|AUTOMATIC|Flight Maneuverability	ABILITY:Internal|AUTOMATIC|Bite																					LEGS:2																				DEFINE:Maneuverability|0	MONSTERCLASS:Animal:1				RACETYPE:Animal												CR:1/3		SOURCEPAGE:p.120	KIT:1|Familiar ~ Thrush
Turtle														STARTFEATS:1	FACT:BaseSize|T	SIZE:T	MOVE:Walk,5,Swim,20		REACH:0																														BONUS:SKILL|Climb,Swim|DEX-STR																	BONUS:STAT|STR|-8	BONUS:STAT|DEX|-4	BONUS:STAT|CON|-2	BONUS:STAT|INT|-8	BONUS:STAT|WIS|2	BONUS:STAT|CHA|-8		BONUS:VAR|AC_Natural_Armor|6|TYPE=Base	BONUS:VAR|RaceSizeIsLong|1|TYPE=Base												BONUS:WEAPONPROF=Bite|DAMAGE|max(0,(STR/2))	ABILITY:Special Ability|AUTOMATIC|Turtle ~ Shell Retreat	ABILITY:Internal|AUTOMATIC|Bite																					LEGS:4																									MONSTERCLASS:Animal:1				RACETYPE:Animal												CR:1/6		SOURCEPAGE:p.120	KIT:1|Familiar ~ Turtle

#### APG

###Block: New Familiars for the witch class
# Race Name					SORTKEY			Output Name				Starting Feats	Size		Move					Reach		Vision				Bonus Ability Pool				Bonus to Situation														Bonus to skill																	Stat bonus																	Modify VAR																								Weapon prof. bonus					Ability																																			Nb Legs	Nb Hands	Define				Monster Class Name and Starting Level	Main Race Type	Type				Template						Challenge Rating	Source, Long Desc.		Source, Short Desc.	Source Page		Apply Kit						FACT
Familiar (Centipede (House))		SORTKEY:z_Companion	OUTPUTNAME:Familiar [NAME]				SIZE:T	MOVE:Walk,40,Climb,40		REACH:5																														BONUS:SKILL|Perception|4|TYPE=Racial	BONUS:SKILL|Stealth|8|TYPE=Racial							BONUS:STAT|STR|-9	BONUS:STAT|DEX|8	BONUS:STAT|CHA|-8	BONUS:STAT|INT|-9							BONUS:VAR|AC_Natural_Armor|2|TYPE=Base	BONUS:VAR|PoisonSaveDC|2|TYPE=Racial												BONUS:WEAPONPROF=Bite|DAMAGE|max(0,(STR/2))	ABILITY:FEAT|AUTOMATIC|Weapon Finesse	ABILITY:Special Ability|AUTOMATIC|Can't Be Tripped|Giant Centipede Companion ~ Poison	ABILITY:Internal|AUTOMATIC|Bite									LEGS:100	HANDS:0						MONSTERCLASS:Vermin:1				RACETYPE:Vermin	TYPE:Companion.Familiar								CR:1/8											SOURCEPAGE:p.43	KIT:1|Familiar ~ Centipede (House)		FACT:BaseSize|T
Familiar (Crab (Giant King))		SORTKEY:z_Companion	OUTPUTNAME:Familiar [NAME]				SIZE:T	MOVE:Walk,30,Swim,20		REACH:0																														BONUS:SKILL|Perception|4|TYPE=Racial													BONUS:STAT|STR|-4	BONUS:STAT|DEX|6	BONUS:STAT|CON|2	BONUS:STAT|CHA|-8	BONUS:STAT|INT|-9				BONUS:VAR|AC_Natural_Armor|5|TYPE=Base	BONUS:VAR|ConstrictDieSize|2	BONUS:VAR|ConstrictBonusDamage|STR	BONUS:VAR|RaceSizeIsLong|1|TYPE=Base									ABILITY:Special Ability|AUTOMATIC|Constrict|Crab Companion ~ Water Dependency|Grab	ABILITY:Internal|AUTOMATIC|Claw																	LEGS:8	HANDS:2						MONSTERCLASS:Vermin:1				RACETYPE:Vermin	TYPE:Companion.Familiar	TEMPLATE:Aquatic					CR:1/4											SOURCEPAGE:p.50	KIT:1|Familiar ~ Crab (Giant King)		FACT:BaseSize|T
Familiar (Fox)				SORTKEY:z_Companion	OUTPUTNAME:Familiar [NAME]	STARTFEATS:1	SIZE:S	MOVE:Walk,40			REACH:5													BONUS:SITUATION|Acrobatics=When Jumping|4|TYPE=Racial	BONUS:SITUATION|Survival=Track by scent|4|TYPE=Racial																				BONUS:STAT|STR,DEX|2	BONUS:STAT|CON|4	BONUS:STAT|INT|-8	BONUS:STAT|WIS|2	BONUS:STAT|CHA|-4			BONUS:VAR|AC_Natural_Armor|1|TYPE=Base	BONUS:VAR|RaceSizeIsLong|1|TYPE=Base												BONUS:WEAPONPROF=Bite|DAMAGE|max(0,(STR/2))	ABILITY:Special Ability|AUTOMATIC|Scent	ABILITY:Internal|AUTOMATIC|Bite																								LEGS:4	HANDS:0						MONSTERCLASS:Animal:1				RACETYPE:Animal	TYPE:Companion.Familiar	TEMPLATE:Young Creature				CR:1/3											SOURCEPAGE:p.87	KIT:1|Familiar ~ Fox				FACT:BaseSize|S
Familiar (Octopus)			SORTKEY:z_Companion	OUTPUTNAME:Familiar [NAME]	STARTFEATS:1	SIZE:S	MOVE:Walk,20,Swim,30		REACH:5																														BONUS:SKILL|Stealth|8|TYPE=Racial	BONUS:SKILL|Escape Artist|10|TYPE=Racial							BONUS:STAT|STR,WIS|2	BONUS:STAT|DEX|6	BONUS:STAT|CON|4	BONUS:STAT|INT,CHA|-8					BONUS:VAR|AC_Natural_Armor|1|TYPE=Base	BONUS:VAR|TentacleAttacks|-1																						ABILITY:FEAT|AUTOMATIC|Multiattack	ABILITY:Special Ability|AUTOMATIC|Can't Be Tripped|Grab|Octopus Companion ~ Ink Cloud|Octopus Companion ~ Jet|Octopus Companion ~ Poison	ABILITY:Internal|AUTOMATIC|Bite|Tentacle	LEGS:0	HANDS:8						MONSTERCLASS:Animal:2				RACETYPE:Animal	TYPE:Companion.Familiar	TEMPLATE:Aquatic	TEMPLATE:Young Creature	CR:1												SOURCEPAGE:p.219	KIT:1|Familiar ~ Octopus			FACT:BaseSize|S
Familiar (Scorpion (Greensting))	SORTKEY:z_Companion	OUTPUTNAME:Familiar [NAME]				SIZE:T	MOVE:Walk,30			REACH:0																														BONUS:SKILL|Climb,Perception,Stealth|4|TYPE=Racial											BONUS:STAT|STR|-8	BONUS:STAT|DEX|6	BONUS:STAT|CHA|-8	BONUS:STAT|INT|-9							BONUS:VAR|AC_Natural_Armor|3|TYPE=Base	BONUS:VAR|RaceSizeIsLong|1|TYPE=Base																				ABILITY:FEAT|AUTOMATIC|Weapon Finesse	ABILITY:Special Ability|AUTOMATIC|Greensting Scorpion Companion ~ Poison	ABILITY:Internal|AUTOMATIC|Sting											LEGS:8	HANDS:3						MONSTERCLASS:Vermin:1				RACETYPE:Vermin	TYPE:Companion.Familiar								CR:1/4		SOURCELONG:Ultimate Magic	SOURCESHORT:UM		SOURCEPAGE:p.118	KIT:1|Familiar ~ Scorpion (Greensting)	FACT:BaseSize|T
# Familiar (Spider (Scarlet))		SORTKEY:z_Companion	OUTPUTNAME:Familiar [NAME]				SIZE:T	MOVE:Walk,30,Climb,30		REACH:0	VISION:Tremorsense (60')	BONUS:ABILITYPOOL|Giant Spider Type|1	BONUS:SITUATION|Stealth=In webs|4|TYPE=Racial										BONUS:SKILL|Perception,Stealth|4|TYPE=Racial	BONUS:SKILL|Climb|8|TYPE=Racial						BONUS:STAT|STR|-8	BONUS:STAT|DEX|2	BONUS:STAT|CHA|-8	BONUS:STAT|INT|-9							BONUS:VAR|AC_Natural_Armor|1|TYPE=Base	BONUS:VAR|PoisonSaveDC|2|TYPE=Racial	BONUS:VAR|RaceSizeIsLong|1|TYPE=Base					BONUS:WEAPONPROF=Bite|DAMAGE|max(0,(STR/2))	ABILITY:Special Ability|AUTOMATIC|Giant Spider Companion ~ Poison	ABILITY:Internal|AUTOMATIC|Bite																				LEGS:8								MONSTERCLASS:Vermin:1				RACETYPE:Vermin	TYPE:Companion.Familiar								CR:1/4											SOURCEPAGE:p.258	KIT:1|Familiar ~ Spider (Scarlet)		FACT:BaseSize|T

# Race Name		SORTKEY			Output Name				Starting Feats	Size		Move				Reach		Var. Min. Value		Bonus to skill				Stat bonus																	Modify VAR				Weapon prof. bonus					Ability															Nb Legs	Define				Monster Class Name and Starting Level	Main Race Type	Race Subtype								Type				Challenge Rating	Source Page		Apply Kit			FACT
Familiar (Parrot)	SORTKEY:z_Companion	OUTPUTNAME:Familiar [NAME]	STARTFEATS:1	SIZE:T	MOVE:Walk,10,Fly,40	REACH:0	PREVARGTEQ:NotAllowed,1	BONUS:SKILL|Climb,Swim|DEX-STR	BONUS:STAT|STR|-8	BONUS:STAT|DEX|4	BONUS:STAT|CON|-2	BONUS:STAT|INT|-8	BONUS:STAT|WIS|4	BONUS:STAT|CHA|-4	BONUS:VAR|Maneuverability|3	BONUS:WEAPONPROF=Claw|DAMAGE|max(0,(STR/2))	ABILITY:Special Ability|AUTOMATIC|Flight Maneuverability	ABILITY:Internal|AUTOMATIC|Bite	LEGS:2	DEFINE:Maneuverability|0	MONSTERCLASS:Animal:1				RACETYPE:Animal	RACESUBTYPE:Familiar|Augmented Magical Beast|FamiliarBase	TYPE:Companion.Familiar	CR:1/6		SOURCEPAGE:p.133	KIT:1|Animal ~ Raven	FACT:BaseSize|T

# Animal Version
Parrot											STARTFEATS:1	SIZE:T	MOVE:Walk,10,Fly,40	REACH:0					BONUS:SKILL|Climb,Swim|DEX-STR	BONUS:STAT|STR|-8	BONUS:STAT|DEX|4	BONUS:STAT|CON|-2	BONUS:STAT|INT|-8	BONUS:STAT|WIS|4	BONUS:STAT|CHA|-4	BONUS:VAR|Maneuverability|3	BONUS:WEAPONPROF=Claw|DAMAGE|max(0,(STR/2))	ABILITY:Special Ability|AUTOMATIC|Flight Maneuverability	ABILITY:Internal|AUTOMATIC|Bite	LEGS:2	DEFINE:Maneuverability|0	MONSTERCLASS:Animal:1				RACETYPE:Animal											TYPE:Animal			CR:1/6		SOURCEPAGE:p.133	KIT:1|Animal ~ Raven	FACT:BaseSize|T
